Archive member included to satisfy reference by file (symbol)

C:/Users/Asus/scoop/apps/gcc-arm-none-eabi/current/bin/../lib/gcc/arm-none-eabi/13.2.1/thumb/v7e-m+fp/hard\libc_nano.a(libc_a-exit.o)
                              C:/Users/Asus/scoop/apps/gcc-arm-none-eabi/current/bin/../lib/gcc/arm-none-eabi/13.2.1/thumb/v7e-m+fp/hard/crt0.o (exit)
C:/Users/Asus/scoop/apps/gcc-arm-none-eabi/current/bin/../lib/gcc/arm-none-eabi/13.2.1/thumb/v7e-m+fp/hard\libc_nano.a(libc_a-findfp.o)
                              C:/Users/Asus/scoop/apps/gcc-arm-none-eabi/current/bin/../lib/gcc/arm-none-eabi/13.2.1/thumb/v7e-m+fp/hard\libc_nano.a(libc_a-exit.o) (__stdio_exit_handler)
C:/Users/Asus/scoop/apps/gcc-arm-none-eabi/current/bin/../lib/gcc/arm-none-eabi/13.2.1/thumb/v7e-m+fp/hard\libc_nano.a(libc_a-fwalk.o)
                              C:/Users/Asus/scoop/apps/gcc-arm-none-eabi/current/bin/../lib/gcc/arm-none-eabi/13.2.1/thumb/v7e-m+fp/hard\libc_nano.a(libc_a-findfp.o) (_fwalk_sglue)
C:/Users/Asus/scoop/apps/gcc-arm-none-eabi/current/bin/../lib/gcc/arm-none-eabi/13.2.1/thumb/v7e-m+fp/hard\libc_nano.a(libc_a-stdio.o)
                              C:/Users/Asus/scoop/apps/gcc-arm-none-eabi/current/bin/../lib/gcc/arm-none-eabi/13.2.1/thumb/v7e-m+fp/hard\libc_nano.a(libc_a-findfp.o) (__sread)
C:/Users/Asus/scoop/apps/gcc-arm-none-eabi/current/bin/../lib/gcc/arm-none-eabi/13.2.1/thumb/v7e-m+fp/hard\libc_nano.a(libc_a-memset.o)
                              C:/Users/Asus/scoop/apps/gcc-arm-none-eabi/current/bin/../lib/gcc/arm-none-eabi/13.2.1/thumb/v7e-m+fp/hard/crt0.o (memset)
C:/Users/Asus/scoop/apps/gcc-arm-none-eabi/current/bin/../lib/gcc/arm-none-eabi/13.2.1/thumb/v7e-m+fp/hard\libc_nano.a(libc_a-closer.o)
                              C:/Users/Asus/scoop/apps/gcc-arm-none-eabi/current/bin/../lib/gcc/arm-none-eabi/13.2.1/thumb/v7e-m+fp/hard\libc_nano.a(libc_a-stdio.o) (_close_r)
C:/Users/Asus/scoop/apps/gcc-arm-none-eabi/current/bin/../lib/gcc/arm-none-eabi/13.2.1/thumb/v7e-m+fp/hard\libc_nano.a(libc_a-reent.o)
                              C:/Users/Asus/scoop/apps/gcc-arm-none-eabi/current/bin/../lib/gcc/arm-none-eabi/13.2.1/thumb/v7e-m+fp/hard\libc_nano.a(libc_a-closer.o) (errno)
C:/Users/Asus/scoop/apps/gcc-arm-none-eabi/current/bin/../lib/gcc/arm-none-eabi/13.2.1/thumb/v7e-m+fp/hard\libc_nano.a(libc_a-impure.o)
                              C:/Users/Asus/scoop/apps/gcc-arm-none-eabi/current/bin/../lib/gcc/arm-none-eabi/13.2.1/thumb/v7e-m+fp/hard\libc_nano.a(libc_a-reent.o) (_impure_ptr)
C:/Users/Asus/scoop/apps/gcc-arm-none-eabi/current/bin/../lib/gcc/arm-none-eabi/13.2.1/thumb/v7e-m+fp/hard\libc_nano.a(libc_a-lseekr.o)
                              C:/Users/Asus/scoop/apps/gcc-arm-none-eabi/current/bin/../lib/gcc/arm-none-eabi/13.2.1/thumb/v7e-m+fp/hard\libc_nano.a(libc_a-stdio.o) (_lseek_r)
C:/Users/Asus/scoop/apps/gcc-arm-none-eabi/current/bin/../lib/gcc/arm-none-eabi/13.2.1/thumb/v7e-m+fp/hard\libc_nano.a(libc_a-readr.o)
                              C:/Users/Asus/scoop/apps/gcc-arm-none-eabi/current/bin/../lib/gcc/arm-none-eabi/13.2.1/thumb/v7e-m+fp/hard\libc_nano.a(libc_a-stdio.o) (_read_r)
C:/Users/Asus/scoop/apps/gcc-arm-none-eabi/current/bin/../lib/gcc/arm-none-eabi/13.2.1/thumb/v7e-m+fp/hard\libc_nano.a(libc_a-writer.o)
                              C:/Users/Asus/scoop/apps/gcc-arm-none-eabi/current/bin/../lib/gcc/arm-none-eabi/13.2.1/thumb/v7e-m+fp/hard\libc_nano.a(libc_a-stdio.o) (_write_r)
C:/Users/Asus/scoop/apps/gcc-arm-none-eabi/current/bin/../lib/gcc/arm-none-eabi/13.2.1/thumb/v7e-m+fp/hard\libc_nano.a(libc_a-init.o)
                              C:/Users/Asus/scoop/apps/gcc-arm-none-eabi/current/bin/../lib/gcc/arm-none-eabi/13.2.1/thumb/v7e-m+fp/hard/crt0.o (__libc_init_array)
C:/Users/Asus/scoop/apps/gcc-arm-none-eabi/current/bin/../lib/gcc/arm-none-eabi/13.2.1/thumb/v7e-m+fp/hard\libc_nano.a(libc_a-lock.o)
                              C:/Users/Asus/scoop/apps/gcc-arm-none-eabi/current/bin/../lib/gcc/arm-none-eabi/13.2.1/thumb/v7e-m+fp/hard\libc_nano.a(libc_a-findfp.o) (__retarget_lock_init_recursive)
C:/Users/Asus/scoop/apps/gcc-arm-none-eabi/current/bin/../lib/gcc/arm-none-eabi/13.2.1/thumb/v7e-m+fp/hard\libc_nano.a(libc_a-freer.o)
                              C:/Users/Asus/scoop/apps/gcc-arm-none-eabi/current/bin/../lib/gcc/arm-none-eabi/13.2.1/thumb/v7e-m+fp/hard\libc_nano.a(libc_a-reent.o) (_free_r)
C:/Users/Asus/scoop/apps/gcc-arm-none-eabi/current/bin/../lib/gcc/arm-none-eabi/13.2.1/thumb/v7e-m+fp/hard\libc_nano.a(libc_a-mallocr.o)
                              C:/Users/Asus/scoop/apps/gcc-arm-none-eabi/current/bin/../lib/gcc/arm-none-eabi/13.2.1/thumb/v7e-m+fp/hard\libc_nano.a(libc_a-findfp.o) (_malloc_r)
C:/Users/Asus/scoop/apps/gcc-arm-none-eabi/current/bin/../lib/gcc/arm-none-eabi/13.2.1/thumb/v7e-m+fp/hard\libc_nano.a(libc_a-mlock.o)
[...]
Memory Configuration

Name             Origin             Length             Attributes
RAM              0x20000000         0x00030000         xrw
CCMRAM           0x10000000         0x00010000         xrw
FLASH            0x08000000         0x00200000         xr
*default*        0x00000000         0xffffffff

Linker script and memory map

LOAD C:/Users/Asus/scoop/apps/gcc-arm-none-eabi/current/bin/../lib/gcc/arm-none-eabi/13.2.1/thumb/v7e-m+fp/hard/crti.o
LOAD C:/Users/Asus/scoop/apps/gcc-arm-none-eabi/current/bin/../lib/gcc/arm-none-eabi/13.2.1/thumb/v7e-m+fp/hard/crtbegin.o
LOAD C:/Users/Asus/scoop/apps/gcc-arm-none-eabi/current/bin/../lib/gcc/arm-none-eabi/13.2.1/thumb/v7e-m+fp/hard/crt0.o
LOAD build/main.o
LOAD build/init.o
LOAD build/interrupt.o
LOAD build/motor_driver.o
LOAD build/system_stm32f4xx.o
LOAD build/startup_stm32f429xx.o
LOAD C:/Users/Asus/scoop/apps/gcc-arm-none-eabi/current/bin/../lib/gcc/arm-none-eabi/13.2.1/thumb/v7e-m+fp/hard\libc_nano.a
LOAD C:/Users/Asus/scoop/apps/gcc-arm-none-eabi/current/bin/../lib/gcc/arm-none-eabi/13.2.1/thumb/v7e-m+fp/hard\libm.a
LOAD C:/Users/Asus/scoop/apps/gcc-arm-none-eabi/current/bin/../lib/gcc/arm-none-eabi/13.2.1/thumb/v7e-m+fp/hard\libnosys.a
START GROUP
LOAD C:/Users/Asus/scoop/apps/gcc-arm-none-eabi/current/bin/../lib/gcc/arm-none-eabi/13.2.1/thumb/v7e-m+fp/hard\libgcc.a
LOAD C:/Users/Asus/scoop/apps/gcc-arm-none-eabi/current/bin/../lib/gcc/arm-none-eabi/13.2.1/thumb/v7e-m+fp/hard\libc_nano.a
END GROUP
START GROUP
LOAD C:/Users/Asus/scoop/apps/gcc-arm-none-eabi/current/bin/../lib/gcc/arm-none-eabi/13.2.1/thumb/v7e-m+fp/hard\libgcc.a
LOAD C:/Users/Asus/scoop/apps/gcc-arm-none-eabi/current/bin/../lib/gcc/arm-none-eabi/13.2.1/thumb/v7e-m+fp/hard\libc_nano.a
END GROUP
LOAD C:/Users/Asus/scoop/apps/gcc-arm-none-eabi/current/bin/../lib/gcc/arm-none-eabi/13.2.1/thumb/v7e-m+fp/hard/crtend.o
LOAD C:/Users/Asus/scoop/apps/gcc-arm-none-eabi/current/bin/../lib/gcc/arm-none-eabi/13.2.1/thumb/v7e-m+fp/hard/crtn.o
                0x20030000                        _estack = (ORIGIN (RAM) + LENGTH (RAM))
                0x00000200                        _Min_Heap_Size = 0x200
                0x00000400                        _Min_Stack_Size = 0x400

.isr_vector     0x08000000      0x1ac
                0x08000000                        . = ALIGN (0x4)
 *(.isr_vector)
 .isr_vector    0x08000000      0x1ac build/startup_stm32f429xx.o
                0x08000000                g_pfnVectors
                0x080001ac                        . = ALIGN (0x4)

.text           0x080001ac      0x600
                0x080001ac                        . = ALIGN (0x4)
 *(.text)
 *(.text*)
 .text.deregister_tm_clones
                0x080001ac       0x1c C:/Users/Asus/scoop/apps/gcc-arm-none-eabi/current/bin/../lib/gcc/arm-none-eabi/13.2.1/thumb/v7e-m+fp/hard/crtbegin.o
 .text.register_tm_clones
                0x080001c8       0x24 C:/Users/Asus/scoop/apps/gcc-arm-none-eabi/current/bin/../lib/gcc/arm-none-eabi/13.2.1/thumb/v7e-m+fp/hard/crtbegin.o
 .text.__do_global_dtors_aux
                0x080001ec       0x28 C:/Users/Asus/scoop/apps/gcc-arm-none-eabi/current/bin/../lib/gcc/arm-none-eabi/13.2.1/thumb/v7e-m+fp/hard/crtbegin.o
 .text.frame_dummy
                0x08000214       0x24 C:/Users/Asus/scoop/apps/gcc-arm-none-eabi/current/bin/../lib/gcc/arm-none-eabi/13.2.1/thumb/v7e-m+fp/hard/crtbegin.o
 .text.main     0x08000238       0x38 build/main.o
                0x08000238                main
 .text.NVIC_EncodePriority
                0x08000270       0x3e build/init.o
 *fill*         0x080002ae        0x2 
 .text.SysTick_Init
                0x080002b0       0x40 build/init.o
                0x080002b0                SysTick_Init
 .text.RCC_Init
                0x080002f0      0x100 build/init.o
                0x080002f0                RCC_Init
 .text.GPIO_Init
                0x080003f0       0xd0 build/init.o
                0x080003f0                GPIO_Init
 .text.ITR_init
                0x080004c0       0x68 build/init.o
                0x080004c0                ITR_init
 .text.TIM_Init
                0x08000528       0x50 build/init.o
                0x08000528                TIM_Init
 .text.SysTick_Handler
                0x08000578       0x34 build/interrupt.o
                0x08000578                SysTick_Handler
 .text.delay    0x080005ac       0x24 build/interrupt.o
                0x080005ac                delay
 .text.EXTI15_10_IRQHandler
                0x080005d0       0x34 build/interrupt.o
                0x080005d0                EXTI15_10_IRQHandler
 .text.TIM3_IRQHandler
                0x08000604       0x28 build/interrupt.o
                0x08000604                TIM3_IRQHandler
 .text.Set_Speed
                0x0800062c       0x30 build/motor_driver.o
                0x0800062c                Set_Speed
 .text.Soft_Start
                0x0800065c       0x8c build/motor_driver.o
                0x0800065c                Soft_Start
 .text.SystemInit
                0x080006e8       0x14 build/system_stm32f4xx.o
                0x080006e8                SystemInit
 .text.Reset_Handler
                0x080006fc       0x4c build/startup_stm32f429xx.o
                0x080006fc                Reset_Handler
 .text.Default_Handler
                0x08000748        0x2 build/startup_stm32f429xx.o
                0x08000748                RTC_Alarm_IRQHandler
                0x08000748                HASH_RNG_IRQHandler
                0x08000748                EXTI2_IRQHandler
                0x08000748                TIM8_CC_IRQHandler
                0x08000748                DebugMon_Handler
                0x08000748                UART8_IRQHandler
                0x08000748                SPI4_IRQHandler
                0x08000748                TIM1_CC_IRQHandler
                0x08000748                DMA2_Stream5_IRQHandler
                0x08000748                HardFault_Handler
                0x08000748                DMA1_Stream5_IRQHandler
                0x08000748                PVD_IRQHandler
                0x08000748                SDIO_IRQHandler
                0x08000748                TAMP_STAMP_IRQHandler
                0x08000748                PendSV_Handler
                0x08000748                NMI_Handler
                0x08000748                CAN2_RX1_IRQHandler
                0x08000748                EXTI3_IRQHandler
                0x08000748                TIM8_TRG_COM_TIM14_IRQHandler
                0x08000748                TIM1_UP_TIM10_IRQHandler
                0x08000748                TIM8_UP_TIM13_IRQHandler
                0x08000748                I2C3_ER_IRQHandler
                0x08000748                EXTI0_IRQHandler
                0x08000748                I2C2_EV_IRQHandler
                0x08000748                DMA1_Stream2_IRQHandler
                0x08000748                CAN1_RX0_IRQHandler
                0x08000748                FPU_IRQHandler
                0x08000748                OTG_HS_WKUP_IRQHandler
                0x08000748                UsageFault_Handler
                0x08000748                LTDC_ER_IRQHandler
                0x08000748                CAN2_SCE_IRQHandler
                0x08000748                DMA2_Stream2_IRQHandler
                0x08000748                SPI1_IRQHandler
                0x08000748                TIM6_DAC_IRQHandler
                0x08000748                TIM1_BRK_TIM9_IRQHandler
                0x08000748                DCMI_IRQHandler
                0x08000748                CAN2_RX0_IRQHandler
                0x08000748                DMA2_Stream3_IRQHandler
                0x08000748                USART6_IRQHandler
                0x08000748                USART3_IRQHandler
                0x08000748                CAN1_RX1_IRQHandler
                0x08000748                UART5_IRQHandler
                0x08000748                DMA2_Stream0_IRQHandler
                0x08000748                TIM4_IRQHandler
                0x08000748                I2C1_EV_IRQHandler
                0x08000748                DMA1_Stream6_IRQHandler
                0x08000748                DMA1_Stream1_IRQHandler
                0x08000748                UART4_IRQHandler
                0x08000748                RCC_IRQHandler
                0x08000748                TIM8_BRK_TIM12_IRQHandler
                0x08000748                Default_Handler
                0x08000748                ADC_IRQHandler
                0x08000748                DMA1_Stream7_IRQHandler
                0x08000748                SPI5_IRQHandler
                0x08000748                TIM7_IRQHandler
                0x08000748                CAN2_TX_IRQHandler
                0x08000748                TIM5_IRQHandler
                0x08000748                DMA2_Stream7_IRQHandler
                0x08000748                I2C3_EV_IRQHandler
                0x08000748                EXTI9_5_IRQHandler
                0x08000748                RTC_WKUP_IRQHandler
                0x08000748                LTDC_IRQHandler
                0x08000748                ETH_WKUP_IRQHandler
                0x08000748                SPI2_IRQHandler
                0x08000748                OTG_HS_EP1_IN_IRQHandler
                0x08000748                MemManage_Handler
                0x08000748                DMA1_Stream0_IRQHandler
                0x08000748                CAN1_TX_IRQHandler
                0x08000748                SVC_Handler
                0x08000748                EXTI4_IRQHandler
                0x08000748                ETH_IRQHandler
                0x08000748                OTG_HS_EP1_OUT_IRQHandler
                0x08000748                WWDG_IRQHandler
                0x08000748                SPI6_IRQHandler
                0x08000748                TIM2_IRQHandler
                0x08000748                OTG_FS_WKUP_IRQHandler
                0x08000748                TIM1_TRG_COM_TIM11_IRQHandler
                0x08000748                OTG_HS_IRQHandler
                0x08000748                DMA2D_IRQHandler
                0x08000748                EXTI1_IRQHandler
                0x08000748                UART7_IRQHandler
                0x08000748                USART2_IRQHandler
                0x08000748                I2C2_ER_IRQHandler
                0x08000748                DMA2_Stream1_IRQHandler
                0x08000748                CAN1_SCE_IRQHandler
                0x08000748                FLASH_IRQHandler
                0x08000748                DMA2_Stream4_IRQHandler
                0x08000748                BusFault_Handler
                0x08000748                USART1_IRQHandler
                0x08000748                OTG_FS_IRQHandler
                0x08000748                SPI3_IRQHandler
                0x08000748                DMA1_Stream4_IRQHandler
                0x08000748                I2C1_ER_IRQHandler
                0x08000748                FMC_IRQHandler
                0x08000748                DMA2_Stream6_IRQHandler
                0x08000748                SAI1_IRQHandler
                0x08000748                DMA1_Stream3_IRQHandler
 *fill*         0x0800074a        0x2 
 .text.__libc_init_array
                0x0800074c       0x48 C:/Users/Asus/scoop/apps/gcc-arm-none-eabi/current/bin/../lib/gcc/arm-none-eabi/13.2.1/thumb/v7e-m+fp/hard\libc_nano.a(libc_a-init.o)
                0x0800074c                __libc_init_array
 *(.glue_7)
 .glue_7        0x08000794        0x0 linker stubs
 *(.glue_7t)
 .glue_7t       0x08000794        0x0 linker stubs
 *(.eh_frame)
 .eh_frame      0x08000794        0x0 C:/Users/Asus/scoop/apps/gcc-arm-none-eabi/current/bin/../lib/gcc/arm-none-eabi/13.2.1/thumb/v7e-m+fp/hard/crtbegin.o
 *(.init)
 .init          0x08000794        0x4 C:/Users/Asus/scoop/apps/gcc-arm-none-eabi/current/bin/../lib/gcc/arm-none-eabi/13.2.1/thumb/v7e-m+fp/hard/crti.o
                0x08000794                _init
 .init          0x08000798        0x8 C:/Users/Asus/scoop/apps/gcc-arm-none-eabi/current/bin/../lib/gcc/arm-none-eabi/13.2.1/thumb/v7e-m+fp/hard/crtn.o
 *(.fini)
 .fini          0x080007a0        0x4 C:/Users/Asus/scoop/apps/gcc-arm-none-eabi/current/bin/../lib/gcc/arm-none-eabi/13.2.1/thumb/v7e-m+fp/hard/crti.o
                0x080007a0                _fini
 .fini          0x080007a4        0x8 C:/Users/Asus/scoop/apps/gcc-arm-none-eabi/current/bin/../lib/gcc/arm-none-eabi/13.2.1/thumb/v7e-m+fp/hard/crtn.o
                0x080007ac                        . = ALIGN (0x4)
                0x080007ac                        _etext = .

.vfp11_veneer   0x080007ac        0x0
 .vfp11_veneer  0x080007ac        0x0 linker stubs

.v4_bx          0x080007ac        0x0
 .v4_bx         0x080007ac        0x0 linker stubs

.iplt           0x080007ac        0x0
 .iplt          0x080007ac        0x0 C:/Users/Asus/scoop/apps/gcc-arm-none-eabi/current/bin/../lib/gcc/arm-none-eabi/13.2.1/thumb/v7e-m+fp/hard/crtbegin.o

.rel.dyn        0x080007ac        0x0
 .rel.iplt      0x080007ac        0x0 C:/Users/Asus/scoop/apps/gcc-arm-none-eabi/current/bin/../lib/gcc/arm-none-eabi/13.2.1/thumb/v7e-m+fp/hard/crtbegin.o

.rodata         0x080007ac        0x0
                0x080007ac                        . = ALIGN (0x4)
 *(.rodata)
 *(.rodata*)
                0x080007ac                        . = ALIGN (0x4)

.ARM.extab
 *(.ARM.extab* .gnu.linkonce.armextab.*)

.ARM            0x080007ac        0x0
                0x080007ac                        __exidx_start = .
 *(.ARM.exidx*)
                0x080007ac                        __exidx_end = .

.preinit_array  0x080007ac        0x0
                0x080007ac                        PROVIDE (__preinit_array_start = .)
 *(.preinit_array*)
                0x080007ac                        PROVIDE (__preinit_array_end = .)

.init_array     0x080007ac        0x4
                0x080007ac                        PROVIDE (__init_array_start = .)
 *(SORT_BY_NAME(.init_array.*))
 *(.init_array*)
 .init_array    0x080007ac        0x4 C:/Users/Asus/scoop/apps/gcc-arm-none-eabi/current/bin/../lib/gcc/arm-none-eabi/13.2.1/thumb/v7e-m+fp/hard/crtbegin.o
                0x080007b0                        PROVIDE (__init_array_end = .)

.fini_array     0x080007b0        0x4
                [!provide]                        PROVIDE (__fini_array_start = .)
 *(SORT_BY_NAME(.fini_array.*))
 *(.fini_array*)
 .fini_array    0x080007b0        0x4 C:/Users/Asus/scoop/apps/gcc-arm-none-eabi/current/bin/../lib/gcc/arm-none-eabi/13.2.1/thumb/v7e-m+fp/hard/crtbegin.o
                [!provide]                        PROVIDE (__fini_array_end = .)
                0x080007b4                        _sidata = LOADADDR (.data)

.data           0x20000000        0x8 load address 0x080007b4
                0x20000000                        . = ALIGN (0x4)
                0x20000000                        _sdata = .
 *(.data)
 *(.data*)
 .data.speed    0x20000000        0x4 build/main.o
                0x20000000                speed
 .data.steps    0x20000004        0x1 build/motor_driver.o
                0x20000004                steps
                0x20000008                        . = ALIGN (0x4)
 *fill*         0x20000005        0x3 
                0x20000008                        _edata = .
                0x080007bc                        _siccmram = LOADADDR (.ccmram)

.tm_clone_table
                0x20000008        0x0 load address 0x080007bc
 .tm_clone_table
                0x20000008        0x0 C:/Users/Asus/scoop/apps/gcc-arm-none-eabi/current/bin/../lib/gcc/arm-none-eabi/13.2.1/thumb/v7e-m+fp/hard/crtbegin.o
 .tm_clone_table
                0x20000008        0x0 C:/Users/Asus/scoop/apps/gcc-arm-none-eabi/current/bin/../lib/gcc/arm-none-eabi/13.2.1/thumb/v7e-m+fp/hard/crtend.o

.igot.plt       0x20000008        0x0 load address 0x080007bc
 .igot.plt      0x20000008        0x0 C:/Users/Asus/scoop/apps/gcc-arm-none-eabi/current/bin/../lib/gcc/arm-none-eabi/13.2.1/thumb/v7e-m+fp/hard/crtbegin.o

.ccmram         0x10000000        0x0 load address 0x080007bc
                0x10000000                        . = ALIGN (0x4)
                0x10000000                        _sccmram = .
 *(.ccmram)
 *(.ccmram*)
                0x10000000                        . = ALIGN (0x4)
                0x10000000                        _eccmram = .
                0x10000000                        . = ALIGN (0x4)

.bss            0x20000008       0x30
                0x20000008                        _sbss = .
                0x20000008                        __bss_start__ = _sbss
 *(.bss)
 *(.bss*)
 .bss.completed.1
                0x20000008        0x1 C:/Users/Asus/scoop/apps/gcc-arm-none-eabi/current/bin/../lib/gcc/arm-none-eabi/13.2.1/thumb/v7e-m+fp/hard/crtbegin.o
 *fill*         0x20000009        0x3 
 .bss.object.0  0x2000000c       0x18 C:/Users/Asus/scoop/apps/gcc-arm-none-eabi/current/bin/../lib/gcc/arm-none-eabi/13.2.1/thumb/v7e-m+fp/hard/crtbegin.o
 .bss.GlobalTickCount
                0x20000024        0x2 build/main.o
                0x20000024                GlobalTickCount
 .bss.TIMCount  0x20000026        0x1 build/main.o
                0x20000026                TIMCount
 .bss.BtnNum    0x20000027        0x1 build/main.o
                0x20000027                BtnNum
 .bss.FLAG_Delay
                0x20000028        0x1 build/interrupt.o
                0x20000028                FLAG_Delay
 *fill*         0x20000029        0x1 
 .bss.test2     0x2000002a        0x2 build/interrupt.o
                0x2000002a                test2
 .bss.TickDelayCount
                0x2000002c        0x2 build/interrupt.o
                0x2000002c                TickDelayCount
 .bss.setSpeed  0x2000002e        0x2 build/motor_driver.o
                0x2000002e                setSpeed
 .bss.divStep   0x20000030        0x1 build/motor_driver.o
                0x20000030                divStep
 *fill*         0x20000031        0x3 
 .bss.previousValue
                0x20000034        0x4 build/motor_driver.o
                0x20000034                previousValue
 *(COMMON)
                0x20000038                        . = ALIGN (0x4)
                0x20000038                        _ebss = .
                0x20000038                        __bss_end__ = _ebss

._user_heap_stack
                0x20000038      0x600
                0x20000038                        . = ALIGN (0x8)
                0x20000038                        PROVIDE (end = .)
                [!provide]                        PROVIDE (_end = .)
                0x20000238                        . = (. + _Min_Heap_Size)
 *fill*         0x20000038      0x200 
                0x20000638                        . = (. + _Min_Stack_Size)
 *fill*         0x20000238      0x400 
                0x20000638                        . = ALIGN (0x8)

/DISCARD/
 libc.a(*)
 libm.a(*)
 libgcc.a(*)

.ARM.attributes
                0x00000000       0x30
 *(.ARM.attributes)
 .ARM.attributes
                0x00000000       0x22 C:/Users/Asus/scoop/apps/gcc-arm-none-eabi/current/bin/../lib/gcc/arm-none-eabi/13.2.1/thumb/v7e-m+fp/hard/crti.o
 .ARM.attributes
                0x00000022       0x34 C:/Users/Asus/scoop/apps/gcc-arm-none-eabi/current/bin/../lib/gcc/arm-none-eabi/13.2.1/thumb/v7e-m+fp/hard/crtbegin.o
 .ARM.attributes
                0x00000056       0x34 build/main.o
 .ARM.attributes
                0x0000008a       0x34 build/init.o
 .ARM.attributes
                0x000000be       0x34 build/interrupt.o
 .ARM.attributes
                0x000000f2       0x34 build/motor_driver.o
 .ARM.attributes
                0x00000126       0x34 build/system_stm32f4xx.o
 .ARM.attributes
                0x0000015a       0x21 build/startup_stm32f429xx.o
 .ARM.attributes
                0x0000017b       0x34 C:/Users/Asus/scoop/apps/gcc-arm-none-eabi/current/bin/../lib/gcc/arm-none-eabi/13.2.1/thumb/v7e-m+fp/hard\libc_nano.a(libc_a-init.o)
 .ARM.attributes
                0x000001af       0x34 C:/Users/Asus/scoop/apps/gcc-arm-none-eabi/current/bin/../lib/gcc/arm-none-eabi/13.2.1/thumb/v7e-m+fp/hard/crtend.o
 .ARM.attributes
                0x000001e3       0x22 C:/Users/Asus/scoop/apps/gcc-arm-none-eabi/current/bin/../lib/gcc/arm-none-eabi/13.2.1/thumb/v7e-m+fp/hard/crtn.o
OUTPUT(build/Holography.elf elf32-littlearm)
LOAD linker stubs
LOAD C:/Users/Asus/scoop/apps/gcc-arm-none-eabi/current/bin/../lib/gcc/arm-none-eabi/13.2.1/thumb/v7e-m+fp/hard\libc.a
LOAD C:/Users/Asus/scoop/apps/gcc-arm-none-eabi/current/bin/../lib/gcc/arm-none-eabi/13.2.1/thumb/v7e-m+fp/hard\libm.a
LOAD C:/Users/Asus/scoop/apps/gcc-arm-none-eabi/current/bin/../lib/gcc/arm-none-eabi/13.2.1/thumb/v7e-m+fp/hard\libgcc.a

.debug_info     0x00000000     0x1d5c
 .debug_info    0x00000000      0x1d4 build/main.o
 .debug_info    0x000001d4      0xe7f build/init.o
 .debug_info    0x00001053      0x368 build/interrupt.o
 .debug_info    0x000013bb      0x3a3 build/motor_driver.o
 .debug_info    0x0000175e      0x5ce build/system_stm32f4xx.o
 .debug_info    0x00001d2c       0x30 build/startup_stm32f429xx.o

.debug_abbrev   0x00000000      0x65e
 .debug_abbrev  0x00000000       0xc6 build/main.o
 .debug_abbrev  0x000000c6      0x1e1 build/init.o
 .debug_abbrev  0x000002a7       0xef build/interrupt.o
 .debug_abbrev  0x00000396      0x190 build/motor_driver.o
 .debug_abbrev  0x00000526      0x11b build/system_stm32f4xx.o
 .debug_abbrev  0x00000641       0x1d build/startup_stm32f429xx.o

.debug_loc      0x00000000      0x409
 .debug_loc     0x00000000       0x20 build/main.o
 .debug_loc     0x00000020      0x182 build/init.o
 .debug_loc     0x000001a2       0xe6 build/motor_driver.o
 .debug_loc     0x00000288      0x181 build/system_stm32f4xx.o

.debug_aranges  0x00000000      0x118
 .debug_aranges
                0x00000000       0x20 build/main.o
 .debug_aranges
                0x00000020       0x48 build/init.o
 .debug_aranges
                0x00000068       0x38 build/interrupt.o
 .debug_aranges
                0x000000a0       0x28 build/motor_driver.o
 .debug_aranges
                0x000000c8       0x28 build/system_stm32f4xx.o
 .debug_aranges
                0x000000f0       0x28 build/startup_stm32f429xx.o

.debug_ranges   0x00000000       0xc0
 .debug_ranges  0x00000000       0x10 build/main.o
 .debug_ranges  0x00000010       0x38 build/init.o
 .debug_ranges  0x00000048       0x28 build/interrupt.o
 .debug_ranges  0x00000070       0x18 build/motor_driver.o
 .debug_ranges  0x00000088       0x18 build/system_stm32f4xx.o
 .debug_ranges  0x000000a0       0x20 build/startup_stm32f429xx.o

.debug_line     0x00000000      0xbcd
 .debug_line    0x00000000      0x19d build/main.o
 .debug_line    0x0000019d      0x357 build/init.o
 .debug_line    0x000004f4      0x21c build/interrupt.o
 .debug_line    0x00000710      0x212 build/motor_driver.o
 .debug_line    0x00000922      0x239 build/system_stm32f4xx.o
 .debug_line    0x00000b5b       0x72 build/startup_stm32f429xx.o

.debug_str      0x00000000      0xc03
 .debug_str     0x00000000      0xc03 build/main.o
                                0x1eb (size before relaxing)
 .debug_str     0x00000c03      0xa62 build/init.o
 .debug_str     0x00000c03      0x259 build/interrupt.o
 .debug_str     0x00000c03      0x23a build/motor_driver.o
 .debug_str     0x00000c03      0x33a build/system_stm32f4xx.o
 .debug_str     0x00000c03       0x40 build/startup_stm32f429xx.o

.comment        0x00000000       0x44
 .comment       0x00000000       0x44 build/main.o
                                 0x45 (size before relaxing)
 .comment       0x00000044       0x45 build/init.o
 .comment       0x00000044       0x45 build/interrupt.o
 .comment       0x00000044       0x45 build/motor_driver.o
 .comment       0x00000044       0x45 build/system_stm32f4xx.o

.debug_frame    0x00000000      0x198
 .debug_frame   0x00000000       0x28 build/main.o
 .debug_frame   0x00000028       0x80 build/init.o
 .debug_frame   0x000000a8       0x50 build/interrupt.o
 .debug_frame   0x000000f8       0x44 build/motor_driver.o
 .debug_frame   0x0000013c       0x30 build/system_stm32f4xx.o
 .debug_frame   0x0000016c       0x2c C:/Users/Asus/scoop/apps/gcc-arm-none-eabi/current/bin/../lib/gcc/arm-none-eabi/13.2.1/thumb/v7e-m+fp/hard\libc_nano.a(libc_a-init.o)

Cross Reference Table

Symbol                                            File
ADC_IRQHandler                                    build/startup_stm32f429xx.o
AHBPrescTable                                     build/system_stm32f4xx.o
APBPrescTable                                     build/system_stm32f4xx.o
BtnNum                                            build/main.o
                                                  build/interrupt.o
BusFault_Handler                                  build/startup_stm32f429xx.o
CAN1_RX0_IRQHandler                               build/startup_stm32f429xx.o
CAN1_RX1_IRQHandler                               build/startup_stm32f429xx.o
CAN1_SCE_IRQHandler                               build/startup_stm32f429xx.o
CAN1_TX_IRQHandler                                build/startup_stm32f429xx.o
CAN2_RX0_IRQHandler                               build/startup_stm32f429xx.o
CAN2_RX1_IRQHandler                               build/startup_stm32f429xx.o
CAN2_SCE_IRQHandler                               build/startup_stm32f429xx.o
CAN2_TX_IRQHandler                                build/startup_stm32f429xx.o
DCMI_IRQHandler                                   build/startup_stm32f429xx.o
DMA1_Stream0_IRQHandler                           build/startup_stm32f429xx.o
DMA1_Stream1_IRQHandler                           build/startup_stm32f429xx.o
DMA1_Stream2_IRQHandler                           build/startup_stm32f429xx.o
DMA1_Stream3_IRQHandler                           build/startup_stm32f429xx.o
DMA1_Stream4_IRQHandler                           build/startup_stm32f429xx.o
DMA1_Stream5_IRQHandler                           build/startup_stm32f429xx.o
DMA1_Stream6_IRQHandler                           build/startup_stm32f429xx.o
DMA1_Stream7_IRQHandler                           build/startup_stm32f429xx.o
DMA2D_IRQHandler                                  build/startup_stm32f429xx.o
DMA2_Stream0_IRQHandler                           build/startup_stm32f429xx.o
DMA2_Stream1_IRQHandler                           build/startup_stm32f429xx.o
DMA2_Stream2_IRQHandler                           build/startup_stm32f429xx.o
DMA2_Stream3_IRQHandler                           build/startup_stm32f429xx.o
DMA2_Stream4_IRQHandler                           build/startup_stm32f429xx.o
DMA2_Stream5_IRQHandler                           build/startup_stm32f429xx.o
DMA2_Stream6_IRQHandler                           build/startup_stm32f429xx.o
DMA2_Stream7_IRQHandler                           build/startup_stm32f429xx.o
DebugMon_Handler                                  build/startup_stm32f429xx.o
Default_Handler                                   build/startup_stm32f429xx.o
ETH_IRQHandler                                    build/startup_stm32f429xx.o
ETH_WKUP_IRQHandler                               build/startup_stm32f429xx.o
EXTI0_IRQHandler                                  build/startup_stm32f429xx.o
EXTI15_10_IRQHandler                              build/interrupt.o
EXTI1_IRQHandler                                  build/startup_stm32f429xx.o
EXTI2_IRQHandler                                  build/startup_stm32f429xx.o
EXTI3_IRQHandler                                  build/startup_stm32f429xx.o
EXTI4_IRQHandler                                  build/startup_stm32f429xx.o
EXTI9_5_IRQHandler                                build/startup_stm32f429xx.o
FLAG_Delay                                        build/interrupt.o
FLASH_IRQHandler                                  build/startup_stm32f429xx.o
FMC_IRQHandler                                    build/startup_stm32f429xx.o
FPU_IRQHandler                                    build/startup_stm32f429xx.o
GPIO_Init                                         build/init.o
                                                  build/main.o
GlobalTickCount                                   build/main.o
                                                  build/interrupt.o
HASH_RNG_IRQHandler                               build/startup_stm32f429xx.o
HardFault_Handler                                 build/startup_stm32f429xx.o
I2C1_ER_IRQHandler                                build/startup_stm32f429xx.o
I2C1_EV_IRQHandler                                build/startup_stm32f429xx.o
I2C2_ER_IRQHandler                                build/startup_stm32f429xx.o
I2C2_EV_IRQHandler                                build/startup_stm32f429xx.o
I2C3_ER_IRQHandler                                build/startup_stm32f429xx.o
I2C3_EV_IRQHandler                                build/startup_stm32f429xx.o
ITR_init                                          build/init.o
                                                  build/main.o
LTDC_ER_IRQHandler                                build/startup_stm32f429xx.o
LTDC_IRQHandler                                   build/startup_stm32f429xx.o
MemManage_Handler                                 build/startup_stm32f429xx.o
NMI_Handler                                       build/startup_stm32f429xx.o
OTG_FS_IRQHandler                                 build/startup_stm32f429xx.o
OTG_FS_WKUP_IRQHandler                            build/startup_stm32f429xx.o
OTG_HS_EP1_IN_IRQHandler                          build/startup_stm32f429xx.o
OTG_HS_EP1_OUT_IRQHandler                         build/startup_stm32f429xx.o
OTG_HS_IRQHandler                                 build/startup_stm32f429xx.o
OTG_HS_WKUP_IRQHandler                            build/startup_stm32f429xx.o
PVD_IRQHandler                                    build/startup_stm32f429xx.o
PendSV_Handler                                    build/startup_stm32f429xx.o
RCC_IRQHandler                                    build/startup_stm32f429xx.o
RCC_Init                                          build/init.o
                                                  build/main.o
RTC_Alarm_IRQHandler                              build/startup_stm32f429xx.o
RTC_WKUP_IRQHandler                               build/startup_stm32f429xx.o
Reset_Handler                                     build/startup_stm32f429xx.o
SAI1_IRQHandler                                   build/startup_stm32f429xx.o
SDIO_IRQHandler                                   build/startup_stm32f429xx.o
SPI1_IRQHandler                                   build/startup_stm32f429xx.o
SPI2_IRQHandler                                   build/startup_stm32f429xx.o
SPI3_IRQHandler                                   build/startup_stm32f429xx.o
SPI4_IRQHandler                                   build/startup_stm32f429xx.o
SPI5_IRQHandler                                   build/startup_stm32f429xx.o
SPI6_IRQHandler                                   build/startup_stm32f429xx.o
SVC_Handler                                       build/startup_stm32f429xx.o
Set_Speed                                         build/motor_driver.o
Soft_Start                                        build/motor_driver.o
                                                  build/main.o
SysTick_Handler                                   build/interrupt.o
SysTick_Init                                      build/init.o
                                                  build/main.o
SystemCoreClock                                   build/system_stm32f4xx.o
SystemCoreClockUpdate                             build/system_stm32f4xx.o
SystemInit                                        build/system_stm32f4xx.o
                                                  build/main.o
TAMP_STAMP_IRQHandler                             build/startup_stm32f429xx.o
TIM1_BRK_TIM9_IRQHandler                          build/startup_stm32f429xx.o
TIM1_CC_IRQHandler                                build/startup_stm32f429xx.o
TIM1_TRG_COM_TIM11_IRQHandler                     build/startup_stm32f429xx.o
TIM1_UP_TIM10_IRQHandler                          build/startup_stm32f429xx.o
TIM2_IRQHandler                                   build/startup_stm32f429xx.o
TIM3_IRQHandler                                   build/interrupt.o
TIM4_IRQHandler                                   build/startup_stm32f429xx.o
TIM5_IRQHandler                                   build/startup_stm32f429xx.o
TIM6_DAC_IRQHandler                               build/startup_stm32f429xx.o
TIM7_IRQHandler                                   build/startup_stm32f429xx.o
TIM8_BRK_TIM12_IRQHandler                         build/startup_stm32f429xx.o
TIM8_CC_IRQHandler                                build/startup_stm32f429xx.o
TIM8_TRG_COM_TIM14_IRQHandler                     build/startup_stm32f429xx.o
TIM8_UP_TIM13_IRQHandler                          build/startup_stm32f429xx.o
TIMCount                                          build/main.o
                                                  build/interrupt.o
TIM_Init                                          build/init.o
                                                  build/main.o
TickDelayCount                                    build/interrupt.o
UART4_IRQHandler                                  build/startup_stm32f429xx.o
UART5_IRQHandler                                  build/startup_stm32f429xx.o
UART7_IRQHandler                                  build/startup_stm32f429xx.o
UART8_IRQHandler                                  build/startup_stm32f429xx.o
USART1_IRQHandler                                 build/startup_stm32f429xx.o
USART2_IRQHandler                                 build/startup_stm32f429xx.o
USART3_IRQHandler                                 build/startup_stm32f429xx.o
USART6_IRQHandler                                 build/startup_stm32f429xx.o
UsageFault_Handler                                build/startup_stm32f429xx.o
WWDG_IRQHandler                                   build/startup_stm32f429xx.o
_ITM_deregisterTMCloneTable                       C:/Users/Asus/scoop/apps/gcc-arm-none-eabi/current/bin/../lib/gcc/arm-none-eabi/13.2.1/thumb/v7e-m+fp/hard/crtbegin.o
_ITM_registerTMCloneTable                         C:/Users/Asus/scoop/apps/gcc-arm-none-eabi/current/bin/../lib/gcc/arm-none-eabi/13.2.1/thumb/v7e-m+fp/hard/crtbegin.o
__TMC_END__                                       C:/Users/Asus/scoop/apps/gcc-arm-none-eabi/current/bin/../lib/gcc/arm-none-eabi/13.2.1/thumb/v7e-m+fp/hard/crtend.o
                                                  C:/Users/Asus/scoop/apps/gcc-arm-none-eabi/current/bin/../lib/gcc/arm-none-eabi/13.2.1/thumb/v7e-m+fp/hard/crtbegin.o
__bss_end__                                       C:/Users/Asus/scoop/apps/gcc-arm-none-eabi/current/bin/../lib/gcc/arm-none-eabi/13.2.1/thumb/v7e-m+fp/hard/crt0.o
__bss_start__                                     C:/Users/Asus/scoop/apps/gcc-arm-none-eabi/current/bin/../lib/gcc/arm-none-eabi/13.2.1/thumb/v7e-m+fp/hard/crt0.o
__call_exitprocs                                  C:/Users/Asus/scoop/apps/gcc-arm-none-eabi/current/bin/../lib/gcc/arm-none-eabi/13.2.1/thumb/v7e-m+fp/hard\libc_nano.a(libc_a-exit.o)
__deregister_frame_info                           C:/Users/Asus/scoop/apps/gcc-arm-none-eabi/current/bin/../lib/gcc/arm-none-eabi/13.2.1/thumb/v7e-m+fp/hard/crtbegin.o
__dso_handle                                      C:/Users/Asus/scoop/apps/gcc-arm-none-eabi/current/bin/../lib/gcc/arm-none-eabi/13.2.1/thumb/v7e-m+fp/hard/crtbegin.o
__fp_lock_all                                     C:/Users/Asus/scoop/apps/gcc-arm-none-eabi/current/bin/../lib/gcc/arm-none-eabi/13.2.1/thumb/v7e-m+fp/hard\libc_nano.a(libc_a-findfp.o)
__fp_unlock_all                                   C:/Users/Asus/scoop/apps/gcc-arm-none-eabi/current/bin/../lib/gcc/arm-none-eabi/13.2.1/thumb/v7e-m+fp/hard\libc_nano.a(libc_a-findfp.o)
__init_array_end                                  C:/Users/Asus/scoop/apps/gcc-arm-none-eabi/current/bin/../lib/gcc/arm-none-eabi/13.2.1/thumb/v7e-m+fp/hard\libc_nano.a(libc_a-init.o)
__init_array_start                                C:/Users/Asus/scoop/apps/gcc-arm-none-eabi/current/bin/../lib/gcc/arm-none-eabi/13.2.1/thumb/v7e-m+fp/hard\libc_nano.a(libc_a-init.o)
__libc_fini_array                                 C:/Users/Asus/scoop/apps/gcc-arm-none-eabi/current/bin/../lib/gcc/arm-none-eabi/13.2.1/thumb/v7e-m+fp/hard/crt0.o
__libc_init_array                                 C:/Users/Asus/scoop/apps/gcc-arm-none-eabi/current/bin/../lib/gcc/arm-none-eabi/13.2.1/thumb/v7e-m+fp/hard\libc_nano.a(libc_a-init.o)
                                                  build/startup_stm32f429xx.o
                                                  C:/Users/Asus/scoop/apps/gcc-arm-none-eabi/current/bin/../lib/gcc/arm-none-eabi/13.2.1/thumb/v7e-m+fp/hard/crt0.o
__lock___arc4random_mutex                         C:/Users/Asus/scoop/apps/gcc-arm-none-eabi/current/bin/../lib/gcc/arm-none-eabi/13.2.1/thumb/v7e-m+fp/hard\libc_nano.a(libc_a-lock.o)
__lock___at_quick_exit_mutex                      C:/Users/Asus/scoop/apps/gcc-arm-none-eabi/current/bin/../lib/gcc/arm-none-eabi/13.2.1/thumb/v7e-m+fp/hard\libc_nano.a(libc_a-lock.o)
__lock___atexit_recursive_mutex                   C:/Users/Asus/scoop/apps/gcc-arm-none-eabi/current/bin/../lib/gcc/arm-none-eabi/13.2.1/thumb/v7e-m+fp/hard\libc_nano.a(libc_a-lock.o)
__lock___dd_hash_mutex                            C:/Users/Asus/scoop/apps/gcc-arm-none-eabi/current/bin/../lib/gcc/arm-none-eabi/13.2.1/thumb/v7e-m+fp/hard\libc_nano.a(libc_a-lock.o)
__lock___env_recursive_mutex                      C:/Users/Asus/scoop/apps/gcc-arm-none-eabi/current/bin/../lib/gcc/arm-none-eabi/13.2.1/thumb/v7e-m+fp/hard\libc_nano.a(libc_a-lock.o)
__lock___malloc_recursive_mutex                   C:/Users/Asus/scoop/apps/gcc-arm-none-eabi/current/bin/../lib/gcc/arm-none-eabi/13.2.1/thumb/v7e-m+fp/hard\libc_nano.a(libc_a-lock.o)
                                                  C:/Users/Asus/scoop/apps/gcc-arm-none-eabi/current/bin/../lib/gcc/arm-none-eabi/13.2.1/thumb/v7e-m+fp/hard\libc_nano.a(libc_a-mlock.o)
__lock___sfp_recursive_mutex                      C:/Users/Asus/scoop/apps/gcc-arm-none-eabi/current/bin/../lib/gcc/arm-none-eabi/13.2.1/thumb/v7e-m+fp/hard\libc_nano.a(libc_a-lock.o)
                                                  C:/Users/Asus/scoop/apps/gcc-arm-none-eabi/current/bin/../lib/gcc/arm-none-eabi/13.2.1/thumb/v7e-m+fp/hard\libc_nano.a(libc_a-findfp.o)
__lock___tz_mutex                                 C:/Users/Asus/scoop/apps/gcc-arm-none-eabi/current/bin/../lib/gcc/arm-none-eabi/13.2.1/thumb/v7e-m+fp/hard\libc_nano.a(libc_a-lock.o)
__malloc_free_list                                C:/Users/Asus/scoop/apps/gcc-arm-none-eabi/current/bin/../lib/gcc/arm-none-eabi/13.2.1/thumb/v7e-m+fp/hard\libc_nano.a(libc_a-mallocr.o)
                                                  C:/Users/Asus/scoop/apps/gcc-arm-none-eabi/current/bin/../lib/gcc/arm-none-eabi/13.2.1/thumb/v7e-m+fp/hard\libc_nano.a(libc_a-freer.o)
__malloc_lock                                     C:/Users/Asus/scoop/apps/gcc-arm-none-eabi/current/bin/../lib/gcc/arm-none-eabi/13.2.1/thumb/v7e-m+fp/hard\libc_nano.a(libc_a-mlock.o)
                                                  C:/Users/Asus/scoop/apps/gcc-arm-none-eabi/current/bin/../lib/gcc/arm-none-eabi/13.2.1/thumb/v7e-m+fp/hard\libc_nano.a(libc_a-mallocr.o)
                                                  C:/Users/Asus/scoop/apps/gcc-arm-none-eabi/current/bin/../lib/gcc/arm-none-eabi/13.2.1/thumb/v7e-m+fp/hard\libc_nano.a(libc_a-freer.o)
__malloc_sbrk_start                               C:/Users/Asus/scoop/apps/gcc-arm-none-eabi/current/bin/../lib/gcc/arm-none-eabi/13.2.1/thumb/v7e-m+fp/hard\libc_nano.a(libc_a-mallocr.o)
__malloc_unlock                                   C:/Users/Asus/scoop/apps/gcc-arm-none-eabi/current/bin/../lib/gcc/arm-none-eabi/13.2.1/thumb/v7e-m+fp/hard\libc_nano.a(libc_a-mlock.o)
                                                  C:/Users/Asus/scoop/apps/gcc-arm-none-eabi/current/bin/../lib/gcc/arm-none-eabi/13.2.1/thumb/v7e-m+fp/hard\libc_nano.a(libc_a-mallocr.o)
                                                  C:/Users/Asus/scoop/apps/gcc-arm-none-eabi/current/bin/../lib/gcc/arm-none-eabi/13.2.1/thumb/v7e-m+fp/hard\libc_nano.a(libc_a-freer.o)
__preinit_array_end                               C:/Users/Asus/scoop/apps/gcc-arm-none-eabi/current/bin/../lib/gcc/arm-none-eabi/13.2.1/thumb/v7e-m+fp/hard\libc_nano.a(libc_a-init.o)
__preinit_array_start                             C:/Users/Asus/scoop/apps/gcc-arm-none-eabi/current/bin/../lib/gcc/arm-none-eabi/13.2.1/thumb/v7e-m+fp/hard\libc_nano.a(libc_a-init.o)
__register_frame_info                             C:/Users/Asus/scoop/apps/gcc-arm-none-eabi/current/bin/../lib/gcc/arm-none-eabi/13.2.1/thumb/v7e-m+fp/hard/crtbegin.o
__retarget_lock_acquire                           C:/Users/Asus/scoop/apps/gcc-arm-none-eabi/current/bin/../lib/gcc/arm-none-eabi/13.2.1/thumb/v7e-m+fp/hard\libc_nano.a(libc_a-lock.o)
__retarget_lock_acquire_recursive                 C:/Users/Asus/scoop/apps/gcc-arm-none-eabi/current/bin/../lib/gcc/arm-none-eabi/13.2.1/thumb/v7e-m+fp/hard\libc_nano.a(libc_a-lock.o)
                                                  C:/Users/Asus/scoop/apps/gcc-arm-none-eabi/current/bin/../lib/gcc/arm-none-eabi/13.2.1/thumb/v7e-m+fp/hard\libc_nano.a(libc_a-fflush.o)
                                                  C:/Users/Asus/scoop/apps/gcc-arm-none-eabi/current/bin/../lib/gcc/arm-none-eabi/13.2.1/thumb/v7e-m+fp/hard\libc_nano.a(libc_a-mlock.o)
                                                  C:/Users/Asus/scoop/apps/gcc-arm-none-eabi/current/bin/../lib/gcc/arm-none-eabi/13.2.1/thumb/v7e-m+fp/hard\libc_nano.a(libc_a-findfp.o)
__retarget_lock_close                             C:/Users/Asus/scoop/apps/gcc-arm-none-eabi/current/bin/../lib/gcc/arm-none-eabi/13.2.1/thumb/v7e-m+fp/hard\libc_nano.a(libc_a-lock.o)
__retarget_lock_close_recursive                   C:/Users/Asus/scoop/apps/gcc-arm-none-eabi/current/bin/../lib/gcc/arm-none-eabi/13.2.1/thumb/v7e-m+fp/hard\libc_nano.a(libc_a-lock.o)
__retarget_lock_init                              C:/Users/Asus/scoop/apps/gcc-arm-none-eabi/current/bin/../lib/gcc/arm-none-eabi/13.2.1/thumb/v7e-m+fp/hard\libc_nano.a(libc_a-lock.o)
__retarget_lock_init_recursive                    C:/Users/Asus/scoop/apps/gcc-arm-none-eabi/current/bin/../lib/gcc/arm-none-eabi/13.2.1/thumb/v7e-m+fp/hard\libc_nano.a(libc_a-lock.o)
                                                  C:/Users/Asus/scoop/apps/gcc-arm-none-eabi/current/bin/../lib/gcc/arm-none-eabi/13.2.1/thumb/v7e-m+fp/hard\libc_nano.a(libc_a-findfp.o)
__retarget_lock_release                           C:/Users/Asus/scoop/apps/gcc-arm-none-eabi/current/bin/../lib/gcc/arm-none-eabi/13.2.1/thumb/v7e-m+fp/hard\libc_nano.a(libc_a-lock.o)
__retarget_lock_release_recursive                 C:/Users/Asus/scoop/apps/gcc-arm-none-eabi/current/bin/../lib/gcc/arm-none-eabi/13.2.1/thumb/v7e-m+fp/hard\libc_nano.a(libc_a-lock.o)
                                                  C:/Users/Asus/scoop/apps/gcc-arm-none-eabi/current/bin/../lib/gcc/arm-none-eabi/13.2.1/thumb/v7e-m+fp/hard\libc_nano.a(libc_a-fflush.o)
                                                  C:/Users/Asus/scoop/apps/gcc-arm-none-eabi/current/bin/../lib/gcc/arm-none-eabi/13.2.1/thumb/v7e-m+fp/hard\libc_nano.a(libc_a-mlock.o)
                                                  C:/Users/Asus/scoop/apps/gcc-arm-none-eabi/current/bin/../lib/gcc/arm-none-eabi/13.2.1/thumb/v7e-m+fp/hard\libc_nano.a(libc_a-findfp.o)
__retarget_lock_try_acquire                       C:/Users/Asus/scoop/apps/gcc-arm-none-eabi/current/bin/../lib/gcc/arm-none-eabi/13.2.1/thumb/v7e-m+fp/hard\libc_nano.a(libc_a-lock.o)
__retarget_lock_try_acquire_recursive             C:/Users/Asus/scoop/apps/gcc-arm-none-eabi/current/bin/../lib/gcc/arm-none-eabi/13.2.1/thumb/v7e-m+fp/hard\libc_nano.a(libc_a-lock.o)
__sclose                                          C:/Users/Asus/scoop/apps/gcc-arm-none-eabi/current/bin/../lib/gcc/arm-none-eabi/13.2.1/thumb/v7e-m+fp/hard\libc_nano.a(libc_a-stdio.o)
                                                  C:/Users/Asus/scoop/apps/gcc-arm-none-eabi/current/bin/../lib/gcc/arm-none-eabi/13.2.1/thumb/v7e-m+fp/hard\libc_nano.a(libc_a-findfp.o)
__seofread                                        C:/Users/Asus/scoop/apps/gcc-arm-none-eabi/current/bin/../lib/gcc/arm-none-eabi/13.2.1/thumb/v7e-m+fp/hard\libc_nano.a(libc_a-stdio.o)
__sf                                              C:/Users/Asus/scoop/apps/gcc-arm-none-eabi/current/bin/../lib/gcc/arm-none-eabi/13.2.1/thumb/v7e-m+fp/hard\libc_nano.a(libc_a-findfp.o)
                                                  C:/Users/Asus/scoop/apps/gcc-arm-none-eabi/current/bin/../lib/gcc/arm-none-eabi/13.2.1/thumb/v7e-m+fp/hard\libc_nano.a(libc_a-impure.o)
__sflush_r                                        C:/Users/Asus/scoop/apps/gcc-arm-none-eabi/current/bin/../lib/gcc/arm-none-eabi/13.2.1/thumb/v7e-m+fp/hard\libc_nano.a(libc_a-fflush.o)
__sfp                                             C:/Users/Asus/scoop/apps/gcc-arm-none-eabi/current/bin/../lib/gcc/arm-none-eabi/13.2.1/thumb/v7e-m+fp/hard\libc_nano.a(libc_a-findfp.o)
__sfp_lock_acquire                                C:/Users/Asus/scoop/apps/gcc-arm-none-eabi/current/bin/../lib/gcc/arm-none-eabi/13.2.1/thumb/v7e-m+fp/hard\libc_nano.a(libc_a-findfp.o)
__sfp_lock_release                                C:/Users/Asus/scoop/apps/gcc-arm-none-eabi/current/bin/../lib/gcc/arm-none-eabi/13.2.1/thumb/v7e-m+fp/hard\libc_nano.a(libc_a-findfp.o)
__sglue                                           C:/Users/Asus/scoop/apps/gcc-arm-none-eabi/current/bin/../lib/gcc/arm-none-eabi/13.2.1/thumb/v7e-m+fp/hard\libc_nano.a(libc_a-findfp.o)
                                                  C:/Users/Asus/scoop/apps/gcc-arm-none-eabi/current/bin/../lib/gcc/arm-none-eabi/13.2.1/thumb/v7e-m+fp/hard\libc_nano.a(libc_a-fflush.o)
__sinit                                           C:/Users/Asus/scoop/apps/gcc-arm-none-eabi/current/bin/../lib/gcc/arm-none-eabi/13.2.1/thumb/v7e-m+fp/hard\libc_nano.a(libc_a-findfp.o)
                                                  C:/Users/Asus/scoop/apps/gcc-arm-none-eabi/current/bin/../lib/gcc/arm-none-eabi/13.2.1/thumb/v7e-m+fp/hard\libc_nano.a(libc_a-fflush.o)
__sread                                           C:/Users/Asus/scoop/apps/gcc-arm-none-eabi/current/bin/../lib/gcc/arm-none-eabi/13.2.1/thumb/v7e-m+fp/hard\libc_nano.a(libc_a-stdio.o)
                                                  C:/Users/Asus/scoop/apps/gcc-arm-none-eabi/current/bin/../lib/gcc/arm-none-eabi/13.2.1/thumb/v7e-m+fp/hard\libc_nano.a(libc_a-findfp.o)
__sseek                                           C:/Users/Asus/scoop/apps/gcc-arm-none-eabi/current/bin/../lib/gcc/arm-none-eabi/13.2.1/thumb/v7e-m+fp/hard\libc_nano.a(libc_a-stdio.o)
                                                  C:/Users/Asus/scoop/apps/gcc-arm-none-eabi/current/bin/../lib/gcc/arm-none-eabi/13.2.1/thumb/v7e-m+fp/hard\libc_nano.a(libc_a-findfp.o)
__stack                                           C:/Users/Asus/scoop/apps/gcc-arm-none-eabi/current/bin/../lib/gcc/arm-none-eabi/13.2.1/thumb/v7e-m+fp/hard/crt0.o
__stdio_exit_handler                              C:/Users/Asus/scoop/apps/gcc-arm-none-eabi/current/bin/../lib/gcc/arm-none-eabi/13.2.1/thumb/v7e-m+fp/hard\libc_nano.a(libc_a-findfp.o)
                                                  C:/Users/Asus/scoop/apps/gcc-arm-none-eabi/current/bin/../lib/gcc/arm-none-eabi/13.2.1/thumb/v7e-m+fp/hard\libc_nano.a(libc_a-exit.o)
__swrite                                          C:/Users/Asus/scoop/apps/gcc-arm-none-eabi/current/bin/../lib/gcc/arm-none-eabi/13.2.1/thumb/v7e-m+fp/hard\libc_nano.a(libc_a-stdio.o)
                                                  C:/Users/Asus/scoop/apps/gcc-arm-none-eabi/current/bin/../lib/gcc/arm-none-eabi/13.2.1/thumb/v7e-m+fp/hard\libc_nano.a(libc_a-findfp.o)
_close                                            C:/Users/Asus/scoop/apps/gcc-arm-none-eabi/current/bin/../lib/gcc/arm-none-eabi/13.2.1/thumb/v7e-m+fp/hard\libnosys.a(close.o)
                                                  C:/Users/Asus/scoop/apps/gcc-arm-none-eabi/current/bin/../lib/gcc/arm-none-eabi/13.2.1/thumb/v7e-m+fp/hard\libc_nano.a(libc_a-closer.o)
_close_r                                          C:/Users/Asus/scoop/apps/gcc-arm-none-eabi/current/bin/../lib/gcc/arm-none-eabi/13.2.1/thumb/v7e-m+fp/hard\libc_nano.a(libc_a-closer.o)
                                                  C:/Users/Asus/scoop/apps/gcc-arm-none-eabi/current/bin/../lib/gcc/arm-none-eabi/13.2.1/thumb/v7e-m+fp/hard\libc_nano.a(libc_a-stdio.o)
_ebss                                             build/startup_stm32f429xx.o
_edata                                            build/startup_stm32f429xx.o
_estack                                           build/startup_stm32f429xx.o
_exit                                             C:/Users/Asus/scoop/apps/gcc-arm-none-eabi/current/bin/../lib/gcc/arm-none-eabi/13.2.1/thumb/v7e-m+fp/hard\libnosys.a(_exit.o)
                                                  C:/Users/Asus/scoop/apps/gcc-arm-none-eabi/current/bin/../lib/gcc/arm-none-eabi/13.2.1/thumb/v7e-m+fp/hard\libc_nano.a(libc_a-exit.o)
_fflush_r                                         C:/Users/Asus/scoop/apps/gcc-arm-none-eabi/current/bin/../lib/gcc/arm-none-eabi/13.2.1/thumb/v7e-m+fp/hard\libc_nano.a(libc_a-fflush.o)
                                                  C:/Users/Asus/scoop/apps/gcc-arm-none-eabi/current/bin/../lib/gcc/arm-none-eabi/13.2.1/thumb/v7e-m+fp/hard\libc_nano.a(libc_a-findfp.o)
_fini                                             C:/Users/Asus/scoop/apps/gcc-arm-none-eabi/current/bin/../lib/gcc/arm-none-eabi/13.2.1/thumb/v7e-m+fp/hard/crti.o
_free_r                                           C:/Users/Asus/scoop/apps/gcc-arm-none-eabi/current/bin/../lib/gcc/arm-none-eabi/13.2.1/thumb/v7e-m+fp/hard\libc_nano.a(libc_a-freer.o)
                                                  C:/Users/Asus/scoop/apps/gcc-arm-none-eabi/current/bin/../lib/gcc/arm-none-eabi/13.2.1/thumb/v7e-m+fp/hard\libc_nano.a(libc_a-fflush.o)
                                                  C:/Users/Asus/scoop/apps/gcc-arm-none-eabi/current/bin/../lib/gcc/arm-none-eabi/13.2.1/thumb/v7e-m+fp/hard\libc_nano.a(libc_a-reent.o)
_fwalk_sglue                                      C:/Users/Asus/scoop/apps/gcc-arm-none-eabi/current/bin/../lib/gcc/arm-none-eabi/13.2.1/thumb/v7e-m+fp/hard\libc_nano.a(libc_a-fwalk.o)
                                                  C:/Users/Asus/scoop/apps/gcc-arm-none-eabi/current/bin/../lib/gcc/arm-none-eabi/13.2.1/thumb/v7e-m+fp/hard\libc_nano.a(libc_a-fflush.o)
                                                  C:/Users/Asus/scoop/apps/gcc-arm-none-eabi/current/bin/../lib/gcc/arm-none-eabi/13.2.1/thumb/v7e-m+fp/hard\libc_nano.a(libc_a-findfp.o)
_impure_data                                      C:/Users/Asus/scoop/apps/gcc-arm-none-eabi/current/bin/../lib/gcc/arm-none-eabi/13.2.1/thumb/v7e-m+fp/hard\libc_nano.a(libc_a-impure.o)
                                                  C:/Users/Asus/scoop/apps/gcc-arm-none-eabi/current/bin/../lib/gcc/arm-none-eabi/13.2.1/thumb/v7e-m+fp/hard\libc_nano.a(libc_a-fflush.o)
                                                  C:/Users/Asus/scoop/apps/gcc-arm-none-eabi/current/bin/../lib/gcc/arm-none-eabi/13.2.1/thumb/v7e-m+fp/hard\libc_nano.a(libc_a-findfp.o)
_impure_ptr                                       C:/Users/Asus/scoop/apps/gcc-arm-none-eabi/current/bin/../lib/gcc/arm-none-eabi/13.2.1/thumb/v7e-m+fp/hard\libc_nano.a(libc_a-impure.o)
                                                  C:/Users/Asus/scoop/apps/gcc-arm-none-eabi/current/bin/../lib/gcc/arm-none-eabi/13.2.1/thumb/v7e-m+fp/hard\libc_nano.a(libc_a-fflush.o)
                                                  C:/Users/Asus/scoop/apps/gcc-arm-none-eabi/current/bin/../lib/gcc/arm-none-eabi/13.2.1/thumb/v7e-m+fp/hard\libc_nano.a(libc_a-reent.o)
_init                                             C:/Users/Asus/scoop/apps/gcc-arm-none-eabi/current/bin/../lib/gcc/arm-none-eabi/13.2.1/thumb/v7e-m+fp/hard/crti.o
                                                  C:/Users/Asus/scoop/apps/gcc-arm-none-eabi/current/bin/../lib/gcc/arm-none-eabi/13.2.1/thumb/v7e-m+fp/hard\libc_nano.a(libc_a-init.o)
_lseek                                            C:/Users/Asus/scoop/apps/gcc-arm-none-eabi/current/bin/../lib/gcc/arm-none-eabi/13.2.1/thumb/v7e-m+fp/hard\libnosys.a(lseek.o)
                                                  C:/Users/Asus/scoop/apps/gcc-arm-none-eabi/current/bin/../lib/gcc/arm-none-eabi/13.2.1/thumb/v7e-m+fp/hard\libc_nano.a(libc_a-lseekr.o)
_lseek_r                                          C:/Users/Asus/scoop/apps/gcc-arm-none-eabi/current/bin/../lib/gcc/arm-none-eabi/13.2.1/thumb/v7e-m+fp/hard\libc_nano.a(libc_a-lseekr.o)
                                                  C:/Users/Asus/scoop/apps/gcc-arm-none-eabi/current/bin/../lib/gcc/arm-none-eabi/13.2.1/thumb/v7e-m+fp/hard\libc_nano.a(libc_a-stdio.o)
_mainCRTStartup                                   C:/Users/Asus/scoop/apps/gcc-arm-none-eabi/current/bin/../lib/gcc/arm-none-eabi/13.2.1/thumb/v7e-m+fp/hard/crt0.o
_malloc_r                                         C:/Users/Asus/scoop/apps/gcc-arm-none-eabi/current/bin/../lib/gcc/arm-none-eabi/13.2.1/thumb/v7e-m+fp/hard\libc_nano.a(libc_a-mallocr.o)
                                                  C:/Users/Asus/scoop/apps/gcc-arm-none-eabi/current/bin/../lib/gcc/arm-none-eabi/13.2.1/thumb/v7e-m+fp/hard\libc_nano.a(libc_a-findfp.o)
_read                                             C:/Users/Asus/scoop/apps/gcc-arm-none-eabi/current/bin/../lib/gcc/arm-none-eabi/13.2.1/thumb/v7e-m+fp/hard\libnosys.a(read.o)
                                                  C:/Users/Asus/scoop/apps/gcc-arm-none-eabi/current/bin/../lib/gcc/arm-none-eabi/13.2.1/thumb/v7e-m+fp/hard\libc_nano.a(libc_a-readr.o)
_read_r                                           C:/Users/Asus/scoop/apps/gcc-arm-none-eabi/current/bin/../lib/gcc/arm-none-eabi/13.2.1/thumb/v7e-m+fp/hard\libc_nano.a(libc_a-readr.o)
                                                  C:/Users/Asus/scoop/apps/gcc-arm-none-eabi/current/bin/../lib/gcc/arm-none-eabi/13.2.1/thumb/v7e-m+fp/hard\libc_nano.a(libc_a-stdio.o)
_reclaim_reent                                    C:/Users/Asus/scoop/apps/gcc-arm-none-eabi/current/bin/../lib/gcc/arm-none-eabi/13.2.1/thumb/v7e-m+fp/hard\libc_nano.a(libc_a-reent.o)
_sbrk                                             C:/Users/Asus/scoop/apps/gcc-arm-none-eabi/current/bin/../lib/gcc/arm-none-eabi/13.2.1/thumb/v7e-m+fp/hard\libnosys.a(sbrk.o)
                                                  C:/Users/Asus/scoop/apps/gcc-arm-none-eabi/current/bin/../lib/gcc/arm-none-eabi/13.2.1/thumb/v7e-m+fp/hard\libc_nano.a(libc_a-sbrkr.o)
_sbrk_r                                           C:/Users/Asus/scoop/apps/gcc-arm-none-eabi/current/bin/../lib/gcc/arm-none-eabi/13.2.1/thumb/v7e-m+fp/hard\libc_nano.a(libc_a-sbrkr.o)
                                                  C:/Users/Asus/scoop/apps/gcc-arm-none-eabi/current/bin/../lib/gcc/arm-none-eabi/13.2.1/thumb/v7e-m+fp/hard\libc_nano.a(libc_a-mallocr.o)
_sbss                                             build/startup_stm32f429xx.o
_sdata                                            build/startup_stm32f429xx.o
_sidata                                           build/startup_stm32f429xx.o
_stack_init                                       C:/Users/Asus/scoop/apps/gcc-arm-none-eabi/current/bin/../lib/gcc/arm-none-eabi/13.2.1/thumb/v7e-m+fp/hard/crt0.o
_start                                            C:/Users/Asus/scoop/apps/gcc-arm-none-eabi/current/bin/../lib/gcc/arm-none-eabi/13.2.1/thumb/v7e-m+fp/hard/crt0.o
_write                                            C:/Users/Asus/scoop/apps/gcc-arm-none-eabi/current/bin/../lib/gcc/arm-none-eabi/13.2.1/thumb/v7e-m+fp/hard\libnosys.a(write.o)
                                                  C:/Users/Asus/scoop/apps/gcc-arm-none-eabi/current/bin/../lib/gcc/arm-none-eabi/13.2.1/thumb/v7e-m+fp/hard\libc_nano.a(libc_a-writer.o)
_write_r                                          C:/Users/Asus/scoop/apps/gcc-arm-none-eabi/current/bin/../lib/gcc/arm-none-eabi/13.2.1/thumb/v7e-m+fp/hard\libc_nano.a(libc_a-writer.o)
                                                  C:/Users/Asus/scoop/apps/gcc-arm-none-eabi/current/bin/../lib/gcc/arm-none-eabi/13.2.1/thumb/v7e-m+fp/hard\libc_nano.a(libc_a-stdio.o)
atexit                                            C:/Users/Asus/scoop/apps/gcc-arm-none-eabi/current/bin/../lib/gcc/arm-none-eabi/13.2.1/thumb/v7e-m+fp/hard/crt0.o
delay                                             build/interrupt.o
                                                  build/motor_driver.o
divStep                                           build/motor_driver.o
end                                               C:/Users/Asus/scoop/apps/gcc-arm-none-eabi/current/bin/../lib/gcc/arm-none-eabi/13.2.1/thumb/v7e-m+fp/hard\libnosys.a(sbrk.o)
errno                                             C:/Users/Asus/scoop/apps/gcc-arm-none-eabi/current/bin/../lib/gcc/arm-none-eabi/13.2.1/thumb/v7e-m+fp/hard\libc_nano.a(libc_a-reent.o)
                                                  C:/Users/Asus/scoop/apps/gcc-arm-none-eabi/current/bin/../lib/gcc/arm-none-eabi/13.2.1/thumb/v7e-m+fp/hard\libnosys.a(write.o)
                                                  C:/Users/Asus/scoop/apps/gcc-arm-none-eabi/current/bin/../lib/gcc/arm-none-eabi/13.2.1/thumb/v7e-m+fp/hard\libnosys.a(read.o)
                                                  C:/Users/Asus/scoop/apps/gcc-arm-none-eabi/current/bin/../lib/gcc/arm-none-eabi/13.2.1/thumb/v7e-m+fp/hard\libnosys.a(lseek.o)
                                                  C:/Users/Asus/scoop/apps/gcc-arm-none-eabi/current/bin/../lib/gcc/arm-none-eabi/13.2.1/thumb/v7e-m+fp/hard\libnosys.a(close.o)
                                                  C:/Users/Asus/scoop/apps/gcc-arm-none-eabi/current/bin/../lib/gcc/arm-none-eabi/13.2.1/thumb/v7e-m+fp/hard\libc_nano.a(libc_a-sbrkr.o)
                                                  C:/Users/Asus/scoop/apps/gcc-arm-none-eabi/current/bin/../lib/gcc/arm-none-eabi/13.2.1/thumb/v7e-m+fp/hard\libc_nano.a(libc_a-writer.o)
                                                  C:/Users/Asus/scoop/apps/gcc-arm-none-eabi/current/bin/../lib/gcc/arm-none-eabi/13.2.1/thumb/v7e-m+fp/hard\libc_nano.a(libc_a-readr.o)
                                                  C:/Users/Asus/scoop/apps/gcc-arm-none-eabi/current/bin/../lib/gcc/arm-none-eabi/13.2.1/thumb/v7e-m+fp/hard\libc_nano.a(libc_a-lseekr.o)
                                                  C:/Users/Asus/scoop/apps/gcc-arm-none-eabi/current/bin/../lib/gcc/arm-none-eabi/13.2.1/thumb/v7e-m+fp/hard\libc_nano.a(libc_a-closer.o)
exit                                              C:/Users/Asus/scoop/apps/gcc-arm-none-eabi/current/bin/../lib/gcc/arm-none-eabi/13.2.1/thumb/v7e-m+fp/hard\libc_nano.a(libc_a-exit.o)
                                                  C:/Users/Asus/scoop/apps/gcc-arm-none-eabi/current/bin/../lib/gcc/arm-none-eabi/13.2.1/thumb/v7e-m+fp/hard/crt0.o
fflush                                            C:/Users/Asus/scoop/apps/gcc-arm-none-eabi/current/bin/../lib/gcc/arm-none-eabi/13.2.1/thumb/v7e-m+fp/hard\libc_nano.a(libc_a-fflush.o)
g_pfnVectors                                      build/startup_stm32f429xx.o
hardware_init_hook                                C:/Users/Asus/scoop/apps/gcc-arm-none-eabi/current/bin/../lib/gcc/arm-none-eabi/13.2.1/thumb/v7e-m+fp/hard/crt0.o
main                                              build/main.o
                                                  build/startup_stm32f429xx.o
                                                  C:/Users/Asus/scoop/apps/gcc-arm-none-eabi/current/bin/../lib/gcc/arm-none-eabi/13.2.1/thumb/v7e-m+fp/hard/crt0.o
memset                                            C:/Users/Asus/scoop/apps/gcc-arm-none-eabi/current/bin/../lib/gcc/arm-none-eabi/13.2.1/thumb/v7e-m+fp/hard\libc_nano.a(libc_a-memset.o)
                                                  C:/Users/Asus/scoop/apps/gcc-arm-none-eabi/current/bin/../lib/gcc/arm-none-eabi/13.2.1/thumb/v7e-m+fp/hard\libc_nano.a(libc_a-findfp.o)
                                                  C:/Users/Asus/scoop/apps/gcc-arm-none-eabi/current/bin/../lib/gcc/arm-none-eabi/13.2.1/thumb/v7e-m+fp/hard/crt0.o
previousValue                                     build/motor_driver.o
setSpeed                                          build/motor_driver.o
softStart                                         build/main.o
software_init_hook                                C:/Users/Asus/scoop/apps/gcc-arm-none-eabi/current/bin/../lib/gcc/arm-none-eabi/13.2.1/thumb/v7e-m+fp/hard/crt0.o
speed                                             build/main.o
steps                                             build/motor_driver.o
test                                              build/main.o
test2                                             build/interrupt.o
